// Vitest Snapshot v1, https://vitest.dev/guide/snapshot.html

exports[`D8 pipeline address→line snapshot > matches the expected snapshot for all segment start addresses 1`] = `
{
  "0x4000": {
    "file": "matrix.asm",
    "line": 28,
  },
  "0x4002": {
    "file": "matrix.asm",
    "line": 29,
  },
  "0x4004": {
    "file": "matrix.asm",
    "line": 31,
  },
  "0x4007": {
    "file": "matrix.asm",
    "line": 32,
  },
  "0x4008": {
    "file": "matrix.asm",
    "line": 33,
  },
  "0x400a": {
    "file": "matrix.asm",
    "line": 35,
  },
  "0x400b": {
    "file": "matrix.asm",
    "line": 36,
  },
  "0x400d": {
    "file": "matrix.asm",
    "line": 37,
  },
  "0x400e": {
    "file": "matrix.asm",
    "line": 38,
  },
  "0x400f": {
    "file": "matrix.asm",
    "line": 39,
  },
  "0x4011": {
    "file": "matrix.asm",
    "line": 40,
  },
  "0x4012": {
    "file": "matrix.asm",
    "line": 41,
  },
  "0x4013": {
    "file": "matrix.asm",
    "line": 42,
  },
  "0x4015": {
    "file": "matrix.asm",
    "line": 43,
  },
  "0x4016": {
    "file": "matrix.asm",
    "line": 44,
  },
  "0x4017": {
    "file": "matrix.asm",
    "line": 45,
  },
  "0x4019": {
    "file": "matrix.asm",
    "line": 46,
  },
  "0x401c": {
    "file": "matrix.asm",
    "line": 47,
  },
  "0x401e": {
    "file": "matrix.asm",
    "line": 48,
  },
  "0x4020": {
    "file": "matrix.asm",
    "line": 49,
  },
  "0x4021": {
    "file": "matrix.asm",
    "line": 50,
  },
  "0x4023": {
    "file": "matrix.asm",
    "line": 51,
  },
  "0x4025": {
    "file": "matrix.asm",
    "line": 53,
  },
  "0x4027": {
    "file": "matrix.asm",
    "line": 57,
  },
  "0x4028": {
    "file": "matrix.asm",
    "line": 58,
  },
  "0x402a": {
    "file": "matrix.asm",
    "line": 60,
  },
  "0x402c": {
    "file": "matrix.asm",
    "line": 62,
  },
  "0x402d": {
    "file": "matrix.asm",
    "line": 63,
  },
  "0x402f": {
    "file": "matrix.asm",
    "line": 64,
  },
  "0x4031": {
    "file": "matrix.asm",
    "line": 65,
  },
  "0x4032": {
    "file": "matrix.asm",
    "line": 66,
  },
  "0x4100": {
    "file": "matrix.asm",
    "line": null,
  },
}
`;
